******************************************************************************
                  MSP430 Linker PC v16.9.0                     
******************************************************************************
>> Linked Thu Feb 08 19:24:14 2018

OUTPUT FILE NAME:   <talking_tom_v3_2955.out>
ENTRY POINT SYMBOL: "_c_int00_noargs_noexit"  address: 00002734


MEMORY CONFIGURATION

         name            origin    length      used     unused   attr    fill
----------------------  --------  ---------  --------  --------  ----  --------
  SFR                   00000000   00000010  00000000  00000010  RWIX
  PERIPHERALS_8BIT      00000010   000000f0  00000000  000000f0  RWIX
  PERIPHERALS_16BIT     00000100   00000100  00000000  00000100  RWIX
  INFOD                 00001000   00000040  00000000  00000040  RWIX
  INFOC                 00001040   00000040  00000000  00000040  RWIX
  INFOB                 00001080   00000040  00000000  00000040  RWIX
  INFOA                 000010c0   00000040  00000000  00000040  RWIX
  RAM                   00001100   00001000  00000260  00000da0  RWIX
  FLASH                 00002100   0000dede  000006e0  0000d7fe  RWIX
  BSLSIGNATURE          0000ffde   00000002  00000002  00000000  RWIX  ffff 
  INT00                 0000ffe0   00000002  00000002  00000000  RWIX
  INT01                 0000ffe2   00000002  00000002  00000000  RWIX
  INT02                 0000ffe4   00000002  00000002  00000000  RWIX
  INT03                 0000ffe6   00000002  00000002  00000000  RWIX
  INT04                 0000ffe8   00000002  00000002  00000000  RWIX
  INT05                 0000ffea   00000002  00000002  00000000  RWIX
  INT06                 0000ffec   00000002  00000002  00000000  RWIX
  INT07                 0000ffee   00000002  00000002  00000000  RWIX
  INT08                 0000fff0   00000002  00000002  00000000  RWIX
  INT09                 0000fff2   00000002  00000002  00000000  RWIX
  INT10                 0000fff4   00000002  00000002  00000000  RWIX
  INT11                 0000fff6   00000002  00000002  00000000  RWIX
  INT12                 0000fff8   00000002  00000002  00000000  RWIX
  INT13                 0000fffa   00000002  00000002  00000000  RWIX
  INT14                 0000fffc   00000002  00000002  00000000  RWIX
  RESET                 0000fffe   00000002  00000002  00000000  RWIX


SECTION ALLOCATION MAP

 output                                  attributes/
section   page    origin      length       input sections
--------  ----  ----------  ----------   ----------------
.bss       0    00001100    00000200     UNINITIALIZED
                  00001100    00000100     (.common:buf0)
                  00001200    00000100     (.common:buf1)

.data      0    00001300    00000010     UNINITIALIZED
                  00001300    00000010     main.obj (.data)

.stack     0    000020b0    00000050     UNINITIALIZED
                  000020b0    00000002     rts430_eabi.lib : boot.obj (.stack)
                  000020b2    0000004e     --HOLE--

.text      0    00002100    000006be     
                  00002100    000001c2     main.obj (.text:main)
                  000022c2    000000dc     main.obj (.text:ADC10_ISR)
                  0000239e    00000084     rts430_eabi.lib : autoinit_wdt.obj (.text:_auto_init_hold_wdt)
                  00002422    0000007c                     : copy_decompress_lzss.obj (.text:decompress:lzss:__TI_decompress_lzss)
                  0000249e    00000074     main.obj (.text:_write_page)
                  00002512    00000064     main.obj (.text:_read_page)
                  00002576    0000005c     rts430_eabi.lib : lsr32.obj (.text:l_lsr_const)
                  000025d2    0000005a                     : cpy_tbl.obj (.text:copy_in)
                  0000262c    0000004e     main.obj (.text:block_erase)
                  0000267a    0000004c     rts430_eabi.lib : lsr16.obj (.text)
                  000026c6    0000002c                     : lsl16.obj (.text)
                  000026f2    00000026     main.obj (.text:unbusy)
                  00002718    0000001c     main.obj (.text:transmit)
                  00002734    0000001a     rts430_eabi.lib : boot_special.obj (.text:_c_int00_noargs_noexit)
                  0000274e    00000014                     : copy_zero_init.obj (.text:decompress:ZI:__TI_zero_init)
                  00002762    00000014                     : mult16.obj (.text)
                  00002776    00000012                     : copy_decompress_none.obj (.text:decompress:none:__TI_decompress_none)
                  00002788    00000012                     : memcpy.obj (.text:memcpy)
                  0000279a    00000010                     : epilog.obj (.text)
                  000027aa    00000008                     : isr_trap.obj (.text:_isr:__TI_ISR_TRAP)
                  000027b2    00000006                     : exit.obj (.text:abort)
                  000027b8    00000004                     : pre_init.obj (.text:_system_pre_init)
                  000027bc    00000002                     : startup.obj (.text:_system_post_cinit)

.cinit     0    000027be    00000022     
                  000027be    0000000f     (.cinit..data.load) [load image, compression = lzss]
                  000027cd    00000001     --HOLE-- [fill = 0]
                  000027ce    00000006     (__TI_handler_table)
                  000027d4    00000004     (.cinit..bss.load) [load image, compression = zero_init]
                  000027d8    00000008     (__TI_cinit_table)

.binit     0    00002100    00000000     

.init_array 
*          0    00002100    00000000     UNINITIALIZED

$fill000   0    0000ffde    00000002     
                  0000ffde    00000002     --HOLE-- [fill = ffff]

TIMER1_A1 
*          0    0000ffe0    00000002     
                  0000ffe0    00000002     rts430_eabi.lib : int00.obj (.int00)

TIMER1_A0 
*          0    0000ffe2    00000002     
                  0000ffe2    00000002     rts430_eabi.lib : int01.obj (.int01)

PORT1      0    0000ffe4    00000002     
                  0000ffe4    00000002     rts430_eabi.lib : int02.obj (.int02)

PORT2      0    0000ffe6    00000002     
                  0000ffe6    00000002     rts430_eabi.lib : int03.obj (.int03)

TRAPINT    0    0000ffe8    00000002     
                  0000ffe8    00000002     rts430_eabi.lib : int04.obj (.int04)

ADC10      0    0000ffea    00000002     
                  0000ffea    00000002     main.obj (.int05)

USCIAB0TX 
*          0    0000ffec    00000002     
                  0000ffec    00000002     rts430_eabi.lib : int06.obj (.int06)

USCIAB0RX 
*          0    0000ffee    00000002     
                  0000ffee    00000002     rts430_eabi.lib : int07.obj (.int07)

TIMER0_A1 
*          0    0000fff0    00000002     
                  0000fff0    00000002     rts430_eabi.lib : int08.obj (.int08)

TIMER0_A0 
*          0    0000fff2    00000002     
                  0000fff2    00000002     rts430_eabi.lib : int09.obj (.int09)

WDT        0    0000fff4    00000002     
                  0000fff4    00000002     rts430_eabi.lib : int10.obj (.int10)

COMPARATORA 
*          0    0000fff6    00000002     
                  0000fff6    00000002     rts430_eabi.lib : int11.obj (.int11)

TIMERB1    0    0000fff8    00000002     
                  0000fff8    00000002     rts430_eabi.lib : int12.obj (.int12)

TIMERB0    0    0000fffa    00000002     
                  0000fffa    00000002     rts430_eabi.lib : int13.obj (.int13)

NMI        0    0000fffc    00000002     
                  0000fffc    00000002     rts430_eabi.lib : int14.obj (.int14)

.reset     0    0000fffe    00000002     
                  0000fffe    00000002     rts430_eabi.lib : boot.obj (.reset)

MODULE SUMMARY

       Module                     code   ro data   rw data
       ------                     ----   -------   -------
    .\
       main.obj                   1030   2         528    
    +--+--------------------------+------+---------+---------+
       Total:                     1030   2         528    
                                                          
    C:\ti\ccsv7\tools\compiler\ti-cgt-msp430_16.9.0.LTS\lib\rts430_eabi.lib
       autoinit_wdt.obj           132    0         0      
       copy_decompress_lzss.obj   124    0         0      
       lsr32.obj                  92     0         0      
       cpy_tbl.obj                90     0         0      
       lsr16.obj                  76     0         0      
       lsl16.obj                  44     0         0      
       boot_special.obj           26     0         0      
       copy_zero_init.obj         20     0         0      
       mult16.obj                 20     0         0      
       copy_decompress_none.obj   18     0         0      
       memcpy.obj                 18     0         0      
       epilog.obj                 16     0         0      
       isr_trap.obj               8      0         0      
       exit.obj                   6      0         0      
       pre_init.obj               4      0         0      
       boot.obj                   0      2         0      
       int00.obj                  0      2         0      
       int01.obj                  0      2         0      
       int02.obj                  0      2         0      
       int03.obj                  0      2         0      
       int04.obj                  0      2         0      
       int06.obj                  0      2         0      
       int07.obj                  0      2         0      
       int08.obj                  0      2         0      
       int09.obj                  0      2         0      
       int10.obj                  0      2         0      
       int11.obj                  0      2         0      
       int12.obj                  0      2         0      
       int13.obj                  0      2         0      
       int14.obj                  0      2         0      
       startup.obj                2      0         0      
    +--+--------------------------+------+---------+---------+
       Total:                     696    30        0      
                                                          
       Stack:                     0      0         80     
       Linker Generated:          0      33        0      
    +--+--------------------------+------+---------+---------+
       Grand Total:               1726   65        608    


LINKER GENERATED COPY TABLES

__TI_cinit_table @ 000027d8 records: 2, size/record: 4, table size: 8
	.data: load addr=000027be, load size=0000000f bytes, run addr=00001300, run size=00000010 bytes, compression=lzss
	.bss: load addr=000027d4, load size=00000004 bytes, run addr=00001100, run size=00000200 bytes, compression=zero_init


LINKER GENERATED HANDLER TABLE

__TI_handler_table @ 000027ce records: 3, size/record: 2, table size: 6
	index: 0, handler: __TI_zero_init
	index: 1, handler: __TI_decompress_lzss
	index: 2, handler: __TI_decompress_none


GLOBAL SYMBOLS: SORTED ALPHABETICALLY BY Name 

address   name                    
-------   ----                    
0000004a  ADC10AE0                
0000004b  ADC10AE1                
000001b0  ADC10CTL0               
000001b2  ADC10CTL1               
00000048  ADC10DTC0               
00000049  ADC10DTC1               
000001b4  ADC10MEM                
000001bc  ADC10SA                 
000022c2  ADC10_ISR               
00000057  BCSCTL1                 
00000058  BCSCTL2                 
00000053  BCSCTL3                 
000027b2  C$$EXIT                 
00000059  CACTL1                  
0000005a  CACTL2                  
000010fb  CALBC1_12MHZ            
000010f9  CALBC1_16MHZ            
000010ff  CALBC1_1MHZ             
000010fd  CALBC1_8MHZ             
000010fa  CALDCO_12MHZ            
000010f8  CALDCO_16MHZ            
000010fe  CALDCO_1MHZ             
000010fc  CALDCO_8MHZ             
0000005b  CAPD                    
00000056  DCOCTL                  
00000128  FCTL1                   
0000012a  FCTL2                   
0000012c  FCTL3                   
00000000  IE1                     
00000001  IE2                     
00000002  IFG1                    
00000003  IFG2                    
00000022  P1DIR                   
00000025  P1IE                    
00000024  P1IES                   
00000023  P1IFG                   
00000020  P1IN                    
00000021  P1OUT                   
00000027  P1REN                   
00000026  P1SEL                   
00000041  P1SEL2                  
0000002a  P2DIR                   
0000002d  P2IE                    
0000002c  P2IES                   
0000002b  P2IFG                   
00000028  P2IN                    
00000029  P2OUT                   
0000002f  P2REN                   
0000002e  P2SEL                   
00000042  P2SEL2                  
0000001a  P3DIR                   
00000018  P3IN                    
00000019  P3OUT                   
00000010  P3REN                   
0000001b  P3SEL                   
00000043  P3SEL2                  
0000001e  P4DIR                   
0000001c  P4IN                    
0000001d  P4OUT                   
00000011  P4REN                   
0000001f  P4SEL                   
00000044  P4SEL2                  
00000172  TA0CCR0                 
00000174  TA0CCR1                 
00000176  TA0CCR2                 
00000162  TA0CCTL0                
00000164  TA0CCTL1                
00000166  TA0CCTL2                
00000160  TA0CTL                  
0000012e  TA0IV                   
00000170  TA0R                    
00000152  TA1CCR0                 
00000154  TA1CCR1                 
00000156  TA1CCR2                 
00000142  TA1CCTL0                
00000144  TA1CCTL1                
00000146  TA1CCTL2                
00000140  TA1CTL                  
0000011c  TA1IV                   
00000150  TA1R                    
00000192  TBCCR0                  
00000194  TBCCR1                  
00000196  TBCCR2                  
00000182  TBCCTL0                 
00000184  TBCCTL1                 
00000186  TBCCTL2                 
00000180  TBCTL                   
0000011e  TBIV                    
00000190  TBR                     
000010db  TLV_ADC10_1_LEN         
000010da  TLV_ADC10_1_TAG         
000010c0  TLV_CHECKSUM            
000010f7  TLV_DCO_30_LEN          
000010f6  TLV_DCO_30_TAG          
0000005d  UCA0ABCTL               
00000062  UCA0BR0                 
00000063  UCA0BR1                 
00000060  UCA0CTL0                
00000061  UCA0CTL1                
0000005f  UCA0IRRCTL              
0000005e  UCA0IRTCTL              
00000064  UCA0MCTL                
00000066  UCA0RXBUF               
00000065  UCA0STAT                
00000067  UCA0TXBUF               
0000006a  UCB0BR0                 
0000006b  UCB0BR1                 
00000068  UCB0CTL0                
00000069  UCB0CTL1                
0000006c  UCB0I2CIE               
00000118  UCB0I2COA               
0000011a  UCB0I2CSA               
0000006e  UCB0RXBUF               
0000006d  UCB0STAT                
0000006f  UCB0TXBUF               
00000120  WDTCTL                  
00002100  __STACK_END             
00000050  __STACK_SIZE            
UNDEFED   __TI_BINIT_Base         
UNDEFED   __TI_BINIT_Limit        
000027d8  __TI_CINIT_Base         
000027e0  __TI_CINIT_Limit        
000027ce  __TI_Handler_Table_Base 
000027d4  __TI_Handler_Table_Limit
UNDEFED   __TI_INITARRAY_Base     
UNDEFED   __TI_INITARRAY_Limit    
000027aa  __TI_ISR_TRAP           
00002422  __TI_decompress_lzss    
00002776  __TI_decompress_none    
0000ffe0  __TI_int00              
0000ffe2  __TI_int01              
0000ffe4  __TI_int02              
0000ffe6  __TI_int03              
0000ffe8  __TI_int04              
0000ffea  __TI_int05              
0000ffec  __TI_int06              
0000ffee  __TI_int07              
0000fff0  __TI_int08              
0000fff2  __TI_int09              
0000fff4  __TI_int10              
0000fff6  __TI_int11              
0000fff8  __TI_int12              
0000fffa  __TI_int13              
0000fffc  __TI_int14              
ffffffff  __TI_pprof_out_hndl     
ffffffff  __TI_prof_data_size     
ffffffff  __TI_prof_data_start    
0000274e  __TI_zero_init          
ffffffff  __c_args__              
000027a6  __mspabi_func_epilog_1  
000027a4  __mspabi_func_epilog_2  
000027a2  __mspabi_func_epilog_3  
000027a0  __mspabi_func_epilog_4  
0000279e  __mspabi_func_epilog_5  
0000279c  __mspabi_func_epilog_6  
0000279a  __mspabi_func_epilog_7  
00002762  __mspabi_mpyi           
00002762  __mspabi_mpyi_sw        
000026c6  __mspabi_slli           
000026ee  __mspabi_slli_1         
000026dc  __mspabi_slli_10        
000026da  __mspabi_slli_11        
000026d8  __mspabi_slli_12        
000026d6  __mspabi_slli_13        
000026d4  __mspabi_slli_14        
000026d2  __mspabi_slli_15        
000026ec  __mspabi_slli_2         
000026ea  __mspabi_slli_3         
000026e8  __mspabi_slli_4         
000026e6  __mspabi_slli_5         
000026e4  __mspabi_slli_6         
000026e2  __mspabi_slli_7         
000026e0  __mspabi_slli_8         
000026de  __mspabi_slli_9         
0000267a  __mspabi_srli           
000026c0  __mspabi_srli_1         
0000269c  __mspabi_srli_10        
00002698  __mspabi_srli_11        
00002694  __mspabi_srli_12        
00002690  __mspabi_srli_13        
0000268c  __mspabi_srli_14        
00002688  __mspabi_srli_15        
000026bc  __mspabi_srli_2         
000026b8  __mspabi_srli_3         
000026b4  __mspabi_srli_4         
000026b0  __mspabi_srli_5         
000026ac  __mspabi_srli_6         
000026a8  __mspabi_srli_7         
000026a4  __mspabi_srli_8         
000026a0  __mspabi_srli_9         
000025ca  __mspabi_srll_1         
00002594  __mspabi_srll_10        
0000258e  __mspabi_srll_11        
00002588  __mspabi_srll_12        
00002582  __mspabi_srll_13        
0000257c  __mspabi_srll_14        
00002576  __mspabi_srll_15        
000025c4  __mspabi_srll_2         
000025be  __mspabi_srll_3         
000025b8  __mspabi_srll_4         
000025b2  __mspabi_srll_5         
000025ac  __mspabi_srll_6         
000025a6  __mspabi_srll_7         
000025a0  __mspabi_srll_8         
0000259a  __mspabi_srll_9         
0000239e  _auto_init_hold_wdt     
00002734  _c_int00_noargs_noexit  
00002512  _read_page              
0000fffe  _reset_vector           
000020b0  _stack                  
000027bc  _system_post_cinit      
000027b8  _system_pre_init        
0000249e  _write_page             
000027b2  abort                   
0000262c  block_erase             
00001100  buf0                    
00001200  buf1                    
00001308  bufByteCount            
0000130a  buffByteCount           
000025d2  copy_in                 
00001302  enable_buf0             
00001303  enable_buf1             
00001306  flag                    
00001300  i                       
00002100  main                    
00002788  memcpy                  
0000130c  pagenumber              
00001305  read_pointer            
00002718  transmit                
000026f2  unbusy                  
00001304  write_pointer           


GLOBAL SYMBOLS: SORTED BY Symbol Address 

address   name                    
-------   ----                    
00000000  IE1                     
00000001  IE2                     
00000002  IFG1                    
00000003  IFG2                    
00000010  P3REN                   
00000011  P4REN                   
00000018  P3IN                    
00000019  P3OUT                   
0000001a  P3DIR                   
0000001b  P3SEL                   
0000001c  P4IN                    
0000001d  P4OUT                   
0000001e  P4DIR                   
0000001f  P4SEL                   
00000020  P1IN                    
00000021  P1OUT                   
00000022  P1DIR                   
00000023  P1IFG                   
00000024  P1IES                   
00000025  P1IE                    
00000026  P1SEL                   
00000027  P1REN                   
00000028  P2IN                    
00000029  P2OUT                   
0000002a  P2DIR                   
0000002b  P2IFG                   
0000002c  P2IES                   
0000002d  P2IE                    
0000002e  P2SEL                   
0000002f  P2REN                   
00000041  P1SEL2                  
00000042  P2SEL2                  
00000043  P3SEL2                  
00000044  P4SEL2                  
00000048  ADC10DTC0               
00000049  ADC10DTC1               
0000004a  ADC10AE0                
0000004b  ADC10AE1                
00000050  __STACK_SIZE            
00000053  BCSCTL3                 
00000056  DCOCTL                  
00000057  BCSCTL1                 
00000058  BCSCTL2                 
00000059  CACTL1                  
0000005a  CACTL2                  
0000005b  CAPD                    
0000005d  UCA0ABCTL               
0000005e  UCA0IRTCTL              
0000005f  UCA0IRRCTL              
00000060  UCA0CTL0                
00000061  UCA0CTL1                
00000062  UCA0BR0                 
00000063  UCA0BR1                 
00000064  UCA0MCTL                
00000065  UCA0STAT                
00000066  UCA0RXBUF               
00000067  UCA0TXBUF               
00000068  UCB0CTL0                
00000069  UCB0CTL1                
0000006a  UCB0BR0                 
0000006b  UCB0BR1                 
0000006c  UCB0I2CIE               
0000006d  UCB0STAT                
0000006e  UCB0RXBUF               
0000006f  UCB0TXBUF               
00000118  UCB0I2COA               
0000011a  UCB0I2CSA               
0000011c  TA1IV                   
0000011e  TBIV                    
00000120  WDTCTL                  
00000128  FCTL1                   
0000012a  FCTL2                   
0000012c  FCTL3                   
0000012e  TA0IV                   
00000140  TA1CTL                  
00000142  TA1CCTL0                
00000144  TA1CCTL1                
00000146  TA1CCTL2                
00000150  TA1R                    
00000152  TA1CCR0                 
00000154  TA1CCR1                 
00000156  TA1CCR2                 
00000160  TA0CTL                  
00000162  TA0CCTL0                
00000164  TA0CCTL1                
00000166  TA0CCTL2                
00000170  TA0R                    
00000172  TA0CCR0                 
00000174  TA0CCR1                 
00000176  TA0CCR2                 
00000180  TBCTL                   
00000182  TBCCTL0                 
00000184  TBCCTL1                 
00000186  TBCCTL2                 
00000190  TBR                     
00000192  TBCCR0                  
00000194  TBCCR1                  
00000196  TBCCR2                  
000001b0  ADC10CTL0               
000001b2  ADC10CTL1               
000001b4  ADC10MEM                
000001bc  ADC10SA                 
000010c0  TLV_CHECKSUM            
000010da  TLV_ADC10_1_TAG         
000010db  TLV_ADC10_1_LEN         
000010f6  TLV_DCO_30_TAG          
000010f7  TLV_DCO_30_LEN          
000010f8  CALDCO_16MHZ            
000010f9  CALBC1_16MHZ            
000010fa  CALDCO_12MHZ            
000010fb  CALBC1_12MHZ            
000010fc  CALDCO_8MHZ             
000010fd  CALBC1_8MHZ             
000010fe  CALDCO_1MHZ             
000010ff  CALBC1_1MHZ             
00001100  buf0                    
00001200  buf1                    
00001300  i                       
00001302  enable_buf0             
00001303  enable_buf1             
00001304  write_pointer           
00001305  read_pointer            
00001306  flag                    
00001308  bufByteCount            
0000130a  buffByteCount           
0000130c  pagenumber              
000020b0  _stack                  
00002100  __STACK_END             
00002100  main                    
000022c2  ADC10_ISR               
0000239e  _auto_init_hold_wdt     
00002422  __TI_decompress_lzss    
0000249e  _write_page             
00002512  _read_page              
00002576  __mspabi_srll_15        
0000257c  __mspabi_srll_14        
00002582  __mspabi_srll_13        
00002588  __mspabi_srll_12        
0000258e  __mspabi_srll_11        
00002594  __mspabi_srll_10        
0000259a  __mspabi_srll_9         
000025a0  __mspabi_srll_8         
000025a6  __mspabi_srll_7         
000025ac  __mspabi_srll_6         
000025b2  __mspabi_srll_5         
000025b8  __mspabi_srll_4         
000025be  __mspabi_srll_3         
000025c4  __mspabi_srll_2         
000025ca  __mspabi_srll_1         
000025d2  copy_in                 
0000262c  block_erase             
0000267a  __mspabi_srli           
00002688  __mspabi_srli_15        
0000268c  __mspabi_srli_14        
00002690  __mspabi_srli_13        
00002694  __mspabi_srli_12        
00002698  __mspabi_srli_11        
0000269c  __mspabi_srli_10        
000026a0  __mspabi_srli_9         
000026a4  __mspabi_srli_8         
000026a8  __mspabi_srli_7         
000026ac  __mspabi_srli_6         
000026b0  __mspabi_srli_5         
000026b4  __mspabi_srli_4         
000026b8  __mspabi_srli_3         
000026bc  __mspabi_srli_2         
000026c0  __mspabi_srli_1         
000026c6  __mspabi_slli           
000026d2  __mspabi_slli_15        
000026d4  __mspabi_slli_14        
000026d6  __mspabi_slli_13        
000026d8  __mspabi_slli_12        
000026da  __mspabi_slli_11        
000026dc  __mspabi_slli_10        
000026de  __mspabi_slli_9         
000026e0  __mspabi_slli_8         
000026e2  __mspabi_slli_7         
000026e4  __mspabi_slli_6         
000026e6  __mspabi_slli_5         
000026e8  __mspabi_slli_4         
000026ea  __mspabi_slli_3         
000026ec  __mspabi_slli_2         
000026ee  __mspabi_slli_1         
000026f2  unbusy                  
00002718  transmit                
00002734  _c_int00_noargs_noexit  
0000274e  __TI_zero_init          
00002762  __mspabi_mpyi           
00002762  __mspabi_mpyi_sw        
00002776  __TI_decompress_none    
00002788  memcpy                  
0000279a  __mspabi_func_epilog_7  
0000279c  __mspabi_func_epilog_6  
0000279e  __mspabi_func_epilog_5  
000027a0  __mspabi_func_epilog_4  
000027a2  __mspabi_func_epilog_3  
000027a4  __mspabi_func_epilog_2  
000027a6  __mspabi_func_epilog_1  
000027aa  __TI_ISR_TRAP           
000027b2  C$$EXIT                 
000027b2  abort                   
000027b8  _system_pre_init        
000027bc  _system_post_cinit      
000027ce  __TI_Handler_Table_Base 
000027d4  __TI_Handler_Table_Limit
000027d8  __TI_CINIT_Base         
000027e0  __TI_CINIT_Limit        
0000ffe0  __TI_int00              
0000ffe2  __TI_int01              
0000ffe4  __TI_int02              
0000ffe6  __TI_int03              
0000ffe8  __TI_int04              
0000ffea  __TI_int05              
0000ffec  __TI_int06              
0000ffee  __TI_int07              
0000fff0  __TI_int08              
0000fff2  __TI_int09              
0000fff4  __TI_int10              
0000fff6  __TI_int11              
0000fff8  __TI_int12              
0000fffa  __TI_int13              
0000fffc  __TI_int14              
0000fffe  _reset_vector           
ffffffff  __TI_pprof_out_hndl     
ffffffff  __TI_prof_data_size     
ffffffff  __TI_prof_data_start    
ffffffff  __c_args__              
UNDEFED   __TI_BINIT_Base         
UNDEFED   __TI_BINIT_Limit        
UNDEFED   __TI_INITARRAY_Base     
UNDEFED   __TI_INITARRAY_Limit    

[231 symbols]
