******************************************************************************
                  MSP430 Linker PC v16.9.0                     
******************************************************************************
>> Linked Tue Apr 10 13:00:36 2018

OUTPUT FILE NAME:   <talking_tom_v5_2955.out>
ENTRY POINT SYMBOL: "_c_int00_noargs_noexit"  address: 0000334a


MEMORY CONFIGURATION

         name            origin    length      used     unused   attr    fill
----------------------  --------  ---------  --------  --------  ----  --------
  SFR                   00000000   00000010  00000000  00000010  RWIX
  PERIPHERALS_8BIT      00000010   000000f0  00000000  000000f0  RWIX
  PERIPHERALS_16BIT     00000100   00000100  00000000  00000100  RWIX
  INFOD                 00001000   00000040  00000000  00000040  RWIX
  INFOC                 00001040   00000040  00000000  00000040  RWIX
  INFOB                 00001080   00000040  00000000  00000040  RWIX
  INFOA                 000010c0   00000040  00000000  00000040  RWIX
  RAM                   00001100   00001000  00000272  00000d8e  RWIX
  FLASH                 00002100   0000dede  0000132c  0000cbb2  RWIX
  BSLSIGNATURE          0000ffde   00000002  00000002  00000000  RWIX  ffff 
  INT00                 0000ffe0   00000002  00000002  00000000  RWIX
  INT01                 0000ffe2   00000002  00000002  00000000  RWIX
  INT02                 0000ffe4   00000002  00000002  00000000  RWIX
  INT03                 0000ffe6   00000002  00000002  00000000  RWIX
  INT04                 0000ffe8   00000002  00000002  00000000  RWIX
  INT05                 0000ffea   00000002  00000002  00000000  RWIX
  INT06                 0000ffec   00000002  00000002  00000000  RWIX
  INT07                 0000ffee   00000002  00000002  00000000  RWIX
  INT08                 0000fff0   00000002  00000002  00000000  RWIX
  INT09                 0000fff2   00000002  00000002  00000000  RWIX
  INT10                 0000fff4   00000002  00000002  00000000  RWIX
  INT11                 0000fff6   00000002  00000002  00000000  RWIX
  INT12                 0000fff8   00000002  00000002  00000000  RWIX
  INT13                 0000fffa   00000002  00000002  00000000  RWIX
  INT14                 0000fffc   00000002  00000002  00000000  RWIX
  RESET                 0000fffe   00000002  00000002  00000000  RWIX


SECTION ALLOCATION MAP

 output                                  attributes/
section   page    origin      length       input sections
--------  ----  ----------  ----------   ----------------
.bss       0    00001100    00000200     UNINITIALIZED
                  00001100    00000100     (.common:buf0)
                  00001200    00000100     (.common:buf1)

.data      0    00001300    00000022     UNINITIALIZED
                  00001300    00000022     main.obj (.data)

.stack     0    000020b0    00000050     UNINITIALIZED
                  000020b0    00000002     rts430_eabi.lib : boot.obj (.stack)
                  000020b2    0000004e     --HOLE--

.text      0    00002100    00001306     
                  00002100    00000394     main.obj (.text:main)
                  00002494    000002e8     rts430_eabi.lib : addd.obj (.text:__mspabi_addd)
                  0000277c    00000260                     : frcaddd.obj (.text:__TI_frcaddd)
                  000029dc    00000132                     : fs_add.obj (.text)
                  00002b0e    00000110     main.obj (.text:ADC10_ISR)
                  00002c1e    000000c4     rts430_eabi.lib : fs_mpy.obj (.text)
                  00002ce2    000000be                     : renormd.obj (.text:__TI_renormd)
                  00002da0    0000008c                     : cvtdf.obj (.text:__mspabi_cvtdf)
                  00002e2c    00000084                     : autoinit_wdt.obj (.text:_auto_init_hold_wdt)
                  00002eb0    0000007c                     : copy_decompress_lzss.obj (.text:decompress:lzss:__TI_decompress_lzss)
                  00002f2c    00000074     main.obj (.text:_write_page)
                  00002fa0    00000072     rts430_eabi.lib : cvtfd.obj (.text:__mspabi_cvtfd)
                  00003012    00000064     main.obj (.text:_read_page)
                  00003076    0000005c     rts430_eabi.lib : lsr32.obj (.text:l_lsr_const)
                  000030d2    0000005a                     : cpy_tbl.obj (.text:copy_in)
                  0000312c    0000004e     main.obj (.text:block_erase)
                  0000317a    0000004c     rts430_eabi.lib : lsr16.obj (.text)
                  000031c6    0000004a                     : fs_cmp.obj (.text)
                  00003210    0000003e                     : asr32.obj (.text:l_asr_const)
                  0000324e    0000003e                     : lsl32.obj (.text:l_lsl_const)
                  0000328c    0000002c                     : asr16.obj (.text)
                  000032b8    0000002c                     : lsl16.obj (.text)
                  000032e4    00000026     main.obj (.text:unbusy)
                  0000330a    00000024     rts430_eabi.lib : fs_utof.obj (.text)
                  0000332e    0000001c     main.obj (.text:transmit)
                  0000334a    0000001a     rts430_eabi.lib : boot_special.obj (.text:_c_int00_noargs_noexit)
                  00003364    00000014                     : copy_zero_init.obj (.text:decompress:ZI:__TI_zero_init)
                  00003378    00000014                     : mult16.obj (.text)
                  0000338c    00000012                     : copy_decompress_none.obj (.text:decompress:none:__TI_decompress_none)
                  0000339e    00000012                     : lsr32.obj (.text:l_lsr)
                  000033b0    00000012                     : memcpy.obj (.text:memcpy)
                  000033c2    00000010                     : asr32.obj (.text:l_asr)
                  000033d2    00000010                     : lsl32.obj (.text:l_lsl)
                  000033e2    00000010                     : epilog.obj (.text)
                  000033f2    00000008                     : isr_trap.obj (.text:_isr:__TI_ISR_TRAP)
                  000033fa    00000006                     : exit.obj (.text:abort)
                  00003400    00000004                     : pre_init.obj (.text:_system_pre_init)
                  00003404    00000002                     : startup.obj (.text:_system_post_cinit)

.cinit     0    00003406    00000026     
                  00003406    00000014     (.cinit..data.load) [load image, compression = lzss]
                  0000341a    00000006     (__TI_handler_table)
                  00003420    00000004     (.cinit..bss.load) [load image, compression = zero_init]
                  00003424    00000008     (__TI_cinit_table)

.binit     0    00002100    00000000     

.init_array 
*          0    00002100    00000000     UNINITIALIZED

$fill000   0    0000ffde    00000002     
                  0000ffde    00000002     --HOLE-- [fill = ffff]

TIMER1_A1 
*          0    0000ffe0    00000002     
                  0000ffe0    00000002     rts430_eabi.lib : int00.obj (.int00)

TIMER1_A0 
*          0    0000ffe2    00000002     
                  0000ffe2    00000002     rts430_eabi.lib : int01.obj (.int01)

PORT1      0    0000ffe4    00000002     
                  0000ffe4    00000002     rts430_eabi.lib : int02.obj (.int02)

PORT2      0    0000ffe6    00000002     
                  0000ffe6    00000002     rts430_eabi.lib : int03.obj (.int03)

TRAPINT    0    0000ffe8    00000002     
                  0000ffe8    00000002     rts430_eabi.lib : int04.obj (.int04)

ADC10      0    0000ffea    00000002     
                  0000ffea    00000002     main.obj (.int05)

USCIAB0TX 
*          0    0000ffec    00000002     
                  0000ffec    00000002     rts430_eabi.lib : int06.obj (.int06)

USCIAB0RX 
*          0    0000ffee    00000002     
                  0000ffee    00000002     rts430_eabi.lib : int07.obj (.int07)

TIMER0_A1 
*          0    0000fff0    00000002     
                  0000fff0    00000002     rts430_eabi.lib : int08.obj (.int08)

TIMER0_A0 
*          0    0000fff2    00000002     
                  0000fff2    00000002     rts430_eabi.lib : int09.obj (.int09)

WDT        0    0000fff4    00000002     
                  0000fff4    00000002     rts430_eabi.lib : int10.obj (.int10)

COMPARATORA 
*          0    0000fff6    00000002     
                  0000fff6    00000002     rts430_eabi.lib : int11.obj (.int11)

TIMERB1    0    0000fff8    00000002     
                  0000fff8    00000002     rts430_eabi.lib : int12.obj (.int12)

TIMERB0    0    0000fffa    00000002     
                  0000fffa    00000002     rts430_eabi.lib : int13.obj (.int13)

NMI        0    0000fffc    00000002     
                  0000fffc    00000002     rts430_eabi.lib : int14.obj (.int14)

.reset     0    0000fffe    00000002     
                  0000fffe    00000002     rts430_eabi.lib : boot.obj (.reset)

MODULE SUMMARY

       Module                     code   ro data   rw data
       ------                     ----   -------   -------
    .\
       main.obj                   1548   2         546    
    +--+--------------------------+------+---------+---------+
       Total:                     1548   2         546    
                                                          
    C:\ti\ccsv7\tools\compiler\ti-cgt-msp430_16.9.0.LTS\lib\rts430_eabi.lib
       addd.obj                   744    0         0      
       frcaddd.obj                608    0         0      
       fs_add.obj                 306    0         0      
       fs_mpy.obj                 196    0         0      
       renormd.obj                190    0         0      
       cvtdf.obj                  140    0         0      
       autoinit_wdt.obj           132    0         0      
       copy_decompress_lzss.obj   124    0         0      
       cvtfd.obj                  114    0         0      
       lsr32.obj                  110    0         0      
       cpy_tbl.obj                90     0         0      
       asr32.obj                  78     0         0      
       lsl32.obj                  78     0         0      
       lsr16.obj                  76     0         0      
       fs_cmp.obj                 74     0         0      
       asr16.obj                  44     0         0      
       lsl16.obj                  44     0         0      
       fs_utof.obj                36     0         0      
       boot_special.obj           26     0         0      
       copy_zero_init.obj         20     0         0      
       mult16.obj                 20     0         0      
       copy_decompress_none.obj   18     0         0      
       memcpy.obj                 18     0         0      
       epilog.obj                 16     0         0      
       isr_trap.obj               8      0         0      
       exit.obj                   6      0         0      
       pre_init.obj               4      0         0      
       boot.obj                   0      2         0      
       int00.obj                  0      2         0      
       int01.obj                  0      2         0      
       int02.obj                  0      2         0      
       int03.obj                  0      2         0      
       int04.obj                  0      2         0      
       int06.obj                  0      2         0      
       int07.obj                  0      2         0      
       int08.obj                  0      2         0      
       int09.obj                  0      2         0      
       int10.obj                  0      2         0      
       int11.obj                  0      2         0      
       int12.obj                  0      2         0      
       int13.obj                  0      2         0      
       int14.obj                  0      2         0      
       startup.obj                2      0         0      
    +--+--------------------------+------+---------+---------+
       Total:                     3322   30        0      
                                                          
       Stack:                     0      0         80     
       Linker Generated:          0      38        0      
    +--+--------------------------+------+---------+---------+
       Grand Total:               4870   70        626    


LINKER GENERATED COPY TABLES

__TI_cinit_table @ 00003424 records: 2, size/record: 4, table size: 8
	.data: load addr=00003406, load size=00000014 bytes, run addr=00001300, run size=00000022 bytes, compression=lzss
	.bss: load addr=00003420, load size=00000004 bytes, run addr=00001100, run size=00000200 bytes, compression=zero_init


LINKER GENERATED HANDLER TABLE

__TI_handler_table @ 0000341a records: 3, size/record: 2, table size: 6
	index: 0, handler: __TI_zero_init
	index: 1, handler: __TI_decompress_lzss
	index: 2, handler: __TI_decompress_none


GLOBAL SYMBOLS: SORTED ALPHABETICALLY BY Name 

address   name                    
-------   ----                    
0000004a  ADC10AE0                
0000004b  ADC10AE1                
000001b0  ADC10CTL0               
000001b2  ADC10CTL1               
00000048  ADC10DTC0               
00000049  ADC10DTC1               
000001b4  ADC10MEM                
000001bc  ADC10SA                 
00002b0e  ADC10_ISR               
00000057  BCSCTL1                 
00000058  BCSCTL2                 
00000053  BCSCTL3                 
000033fa  C$$EXIT                 
00000059  CACTL1                  
0000005a  CACTL2                  
000010fb  CALBC1_12MHZ            
000010f9  CALBC1_16MHZ            
000010ff  CALBC1_1MHZ             
000010fd  CALBC1_8MHZ             
000010fa  CALDCO_12MHZ            
000010f8  CALDCO_16MHZ            
000010fe  CALDCO_1MHZ             
000010fc  CALDCO_8MHZ             
0000005b  CAPD                    
00000056  DCOCTL                  
00000128  FCTL1                   
0000012a  FCTL2                   
0000012c  FCTL3                   
00000000  IE1                     
00000001  IE2                     
00000002  IFG1                    
00000003  IFG2                    
00000022  P1DIR                   
00000025  P1IE                    
00000024  P1IES                   
00000023  P1IFG                   
00000020  P1IN                    
00000021  P1OUT                   
00000027  P1REN                   
00000026  P1SEL                   
00000041  P1SEL2                  
0000002a  P2DIR                   
0000002d  P2IE                    
0000002c  P2IES                   
0000002b  P2IFG                   
00000028  P2IN                    
00000029  P2OUT                   
0000002f  P2REN                   
0000002e  P2SEL                   
00000042  P2SEL2                  
0000001a  P3DIR                   
00000018  P3IN                    
00000019  P3OUT                   
00000010  P3REN                   
0000001b  P3SEL                   
00000043  P3SEL2                  
0000001e  P4DIR                   
0000001c  P4IN                    
0000001d  P4OUT                   
00000011  P4REN                   
0000001f  P4SEL                   
00000044  P4SEL2                  
00000172  TA0CCR0                 
00000174  TA0CCR1                 
00000176  TA0CCR2                 
00000162  TA0CCTL0                
00000164  TA0CCTL1                
00000166  TA0CCTL2                
00000160  TA0CTL                  
0000012e  TA0IV                   
00000170  TA0R                    
00000152  TA1CCR0                 
00000154  TA1CCR1                 
00000156  TA1CCR2                 
00000142  TA1CCTL0                
00000144  TA1CCTL1                
00000146  TA1CCTL2                
00000140  TA1CTL                  
0000011c  TA1IV                   
00000150  TA1R                    
00000192  TBCCR0                  
00000194  TBCCR1                  
00000196  TBCCR2                  
00000182  TBCCTL0                 
00000184  TBCCTL1                 
00000186  TBCCTL2                 
00000180  TBCTL                   
0000011e  TBIV                    
00000190  TBR                     
000010db  TLV_ADC10_1_LEN         
000010da  TLV_ADC10_1_TAG         
000010c0  TLV_CHECKSUM            
000010f7  TLV_DCO_30_LEN          
000010f6  TLV_DCO_30_TAG          
0000005d  UCA0ABCTL               
00000062  UCA0BR0                 
00000063  UCA0BR1                 
00000060  UCA0CTL0                
00000061  UCA0CTL1                
0000005f  UCA0IRRCTL              
0000005e  UCA0IRTCTL              
00000064  UCA0MCTL                
00000066  UCA0RXBUF               
00000065  UCA0STAT                
00000067  UCA0TXBUF               
0000006a  UCB0BR0                 
0000006b  UCB0BR1                 
00000068  UCB0CTL0                
00000069  UCB0CTL1                
0000006c  UCB0I2CIE               
00000118  UCB0I2COA               
0000011a  UCB0I2CSA               
0000006e  UCB0RXBUF               
0000006d  UCB0STAT                
0000006f  UCB0TXBUF               
00000120  WDTCTL                  
00002100  __STACK_END             
00000050  __STACK_SIZE            
UNDEFED   __TI_BINIT_Base         
UNDEFED   __TI_BINIT_Limit        
00003424  __TI_CINIT_Base         
0000342c  __TI_CINIT_Limit        
0000341a  __TI_Handler_Table_Base 
00003420  __TI_Handler_Table_Limit
UNDEFED   __TI_INITARRAY_Base     
UNDEFED   __TI_INITARRAY_Limit    
000033f2  __TI_ISR_TRAP           
00002eb0  __TI_decompress_lzss    
0000338c  __TI_decompress_none    
0000277c  __TI_frcaddd            
0000ffe0  __TI_int00              
0000ffe2  __TI_int01              
0000ffe4  __TI_int02              
0000ffe6  __TI_int03              
0000ffe8  __TI_int04              
0000ffea  __TI_int05              
0000ffec  __TI_int06              
0000ffee  __TI_int07              
0000fff0  __TI_int08              
0000fff2  __TI_int09              
0000fff4  __TI_int10              
0000fff6  __TI_int11              
0000fff8  __TI_int12              
0000fffa  __TI_int13              
0000fffc  __TI_int14              
ffffffff  __TI_pprof_out_hndl     
ffffffff  __TI_prof_data_size     
ffffffff  __TI_prof_data_start    
00002ce2  __TI_renormd            
00003364  __TI_zero_init          
ffffffff  __c_args__              
00002494  __mspabi_addd           
000029e2  __mspabi_addf           
000031c6  __mspabi_cmpf           
00002da0  __mspabi_cvtdf          
00002fa0  __mspabi_cvtfd          
0000330a  __mspabi_fltuf          
000033ee  __mspabi_func_epilog_1  
000033ec  __mspabi_func_epilog_2  
000033ea  __mspabi_func_epilog_3  
000033e8  __mspabi_func_epilog_4  
000033e6  __mspabi_func_epilog_5  
000033e4  __mspabi_func_epilog_6  
000033e2  __mspabi_func_epilog_7  
00002c1e  __mspabi_mpyf           
00003378  __mspabi_mpyi           
00003378  __mspabi_mpyi_sw        
000032b8  __mspabi_slli           
000032e0  __mspabi_slli_1         
000032ce  __mspabi_slli_10        
000032cc  __mspabi_slli_11        
000032ca  __mspabi_slli_12        
000032c8  __mspabi_slli_13        
000032c6  __mspabi_slli_14        
000032c4  __mspabi_slli_15        
000032de  __mspabi_slli_2         
000032dc  __mspabi_slli_3         
000032da  __mspabi_slli_4         
000032d8  __mspabi_slli_5         
000032d6  __mspabi_slli_6         
000032d4  __mspabi_slli_7         
000032d2  __mspabi_slli_8         
000032d0  __mspabi_slli_9         
000033d2  __mspabi_slll           
00003286  __mspabi_slll_1         
00003262  __mspabi_slll_10        
0000325e  __mspabi_slll_11        
0000325a  __mspabi_slll_12        
00003256  __mspabi_slll_13        
00003252  __mspabi_slll_14        
0000324e  __mspabi_slll_15        
00003282  __mspabi_slll_2         
0000327e  __mspabi_slll_3         
0000327a  __mspabi_slll_4         
00003276  __mspabi_slll_5         
00003272  __mspabi_slll_6         
0000326e  __mspabi_slll_7         
0000326a  __mspabi_slll_8         
00003266  __mspabi_slll_9         
0000328c  __mspabi_srai           
000032b4  __mspabi_srai_1         
000032a2  __mspabi_srai_10        
000032a0  __mspabi_srai_11        
0000329e  __mspabi_srai_12        
0000329c  __mspabi_srai_13        
0000329a  __mspabi_srai_14        
00003298  __mspabi_srai_15        
000032b2  __mspabi_srai_2         
000032b0  __mspabi_srai_3         
000032ae  __mspabi_srai_4         
000032ac  __mspabi_srai_5         
000032aa  __mspabi_srai_6         
000032a8  __mspabi_srai_7         
000032a6  __mspabi_srai_8         
000032a4  __mspabi_srai_9         
000033c2  __mspabi_sral           
00003248  __mspabi_sral_1         
00003224  __mspabi_sral_10        
00003220  __mspabi_sral_11        
0000321c  __mspabi_sral_12        
00003218  __mspabi_sral_13        
00003214  __mspabi_sral_14        
00003210  __mspabi_sral_15        
00003244  __mspabi_sral_2         
00003240  __mspabi_sral_3         
0000323c  __mspabi_sral_4         
00003238  __mspabi_sral_5         
00003234  __mspabi_sral_6         
00003230  __mspabi_sral_7         
0000322c  __mspabi_sral_8         
00003228  __mspabi_sral_9         
0000317a  __mspabi_srli           
000031c0  __mspabi_srli_1         
0000319c  __mspabi_srli_10        
00003198  __mspabi_srli_11        
00003194  __mspabi_srli_12        
00003190  __mspabi_srli_13        
0000318c  __mspabi_srli_14        
00003188  __mspabi_srli_15        
000031bc  __mspabi_srli_2         
000031b8  __mspabi_srli_3         
000031b4  __mspabi_srli_4         
000031b0  __mspabi_srli_5         
000031ac  __mspabi_srli_6         
000031a8  __mspabi_srli_7         
000031a4  __mspabi_srli_8         
000031a0  __mspabi_srli_9         
0000339e  __mspabi_srll           
000030ca  __mspabi_srll_1         
00003094  __mspabi_srll_10        
0000308e  __mspabi_srll_11        
00003088  __mspabi_srll_12        
00003082  __mspabi_srll_13        
0000307c  __mspabi_srll_14        
00003076  __mspabi_srll_15        
000030c4  __mspabi_srll_2         
000030be  __mspabi_srll_3         
000030b8  __mspabi_srll_4         
000030b2  __mspabi_srll_5         
000030ac  __mspabi_srll_6         
000030a6  __mspabi_srll_7         
000030a0  __mspabi_srll_8         
0000309a  __mspabi_srll_9         
000029dc  __mspabi_subf           
00002e2c  _auto_init_hold_wdt     
0000334a  _c_int00_noargs_noexit  
00003012  _read_page              
0000fffe  _reset_vector           
000020b0  _stack                  
00003404  _system_post_cinit      
00003400  _system_pre_init        
00002f2c  _write_page             
000033fa  abort                   
0000312c  block_erase             
00001100  buf0                    
00001200  buf1                    
00001308  bufByteCount            
0000130a  buffByteCount           
000030d2  copy_in                 
00001316  current_ip              
00001302  enable_buf0             
00001303  enable_buf1             
00001306  flag                    
00001300  i                       
0000131e  lambda                  
00002100  main                    
000033b0  memcpy                  
0000130c  pagenumber              
0000131a  previous_ip             
00001305  read_pointer            
00001310  recpage                 
00001315  temp                    
0000332e  transmit                
000032e4  unbusy                  
00001314  val                     
00001304  write_pointer           


GLOBAL SYMBOLS: SORTED BY Symbol Address 

address   name                    
-------   ----                    
00000000  IE1                     
00000001  IE2                     
00000002  IFG1                    
00000003  IFG2                    
00000010  P3REN                   
00000011  P4REN                   
00000018  P3IN                    
00000019  P3OUT                   
0000001a  P3DIR                   
0000001b  P3SEL                   
0000001c  P4IN                    
0000001d  P4OUT                   
0000001e  P4DIR                   
0000001f  P4SEL                   
00000020  P1IN                    
00000021  P1OUT                   
00000022  P1DIR                   
00000023  P1IFG                   
00000024  P1IES                   
00000025  P1IE                    
00000026  P1SEL                   
00000027  P1REN                   
00000028  P2IN                    
00000029  P2OUT                   
0000002a  P2DIR                   
0000002b  P2IFG                   
0000002c  P2IES                   
0000002d  P2IE                    
0000002e  P2SEL                   
0000002f  P2REN                   
00000041  P1SEL2                  
00000042  P2SEL2                  
00000043  P3SEL2                  
00000044  P4SEL2                  
00000048  ADC10DTC0               
00000049  ADC10DTC1               
0000004a  ADC10AE0                
0000004b  ADC10AE1                
00000050  __STACK_SIZE            
00000053  BCSCTL3                 
00000056  DCOCTL                  
00000057  BCSCTL1                 
00000058  BCSCTL2                 
00000059  CACTL1                  
0000005a  CACTL2                  
0000005b  CAPD                    
0000005d  UCA0ABCTL               
0000005e  UCA0IRTCTL              
0000005f  UCA0IRRCTL              
00000060  UCA0CTL0                
00000061  UCA0CTL1                
00000062  UCA0BR0                 
00000063  UCA0BR1                 
00000064  UCA0MCTL                
00000065  UCA0STAT                
00000066  UCA0RXBUF               
00000067  UCA0TXBUF               
00000068  UCB0CTL0                
00000069  UCB0CTL1                
0000006a  UCB0BR0                 
0000006b  UCB0BR1                 
0000006c  UCB0I2CIE               
0000006d  UCB0STAT                
0000006e  UCB0RXBUF               
0000006f  UCB0TXBUF               
00000118  UCB0I2COA               
0000011a  UCB0I2CSA               
0000011c  TA1IV                   
0000011e  TBIV                    
00000120  WDTCTL                  
00000128  FCTL1                   
0000012a  FCTL2                   
0000012c  FCTL3                   
0000012e  TA0IV                   
00000140  TA1CTL                  
00000142  TA1CCTL0                
00000144  TA1CCTL1                
00000146  TA1CCTL2                
00000150  TA1R                    
00000152  TA1CCR0                 
00000154  TA1CCR1                 
00000156  TA1CCR2                 
00000160  TA0CTL                  
00000162  TA0CCTL0                
00000164  TA0CCTL1                
00000166  TA0CCTL2                
00000170  TA0R                    
00000172  TA0CCR0                 
00000174  TA0CCR1                 
00000176  TA0CCR2                 
00000180  TBCTL                   
00000182  TBCCTL0                 
00000184  TBCCTL1                 
00000186  TBCCTL2                 
00000190  TBR                     
00000192  TBCCR0                  
00000194  TBCCR1                  
00000196  TBCCR2                  
000001b0  ADC10CTL0               
000001b2  ADC10CTL1               
000001b4  ADC10MEM                
000001bc  ADC10SA                 
000010c0  TLV_CHECKSUM            
000010da  TLV_ADC10_1_TAG         
000010db  TLV_ADC10_1_LEN         
000010f6  TLV_DCO_30_TAG          
000010f7  TLV_DCO_30_LEN          
000010f8  CALDCO_16MHZ            
000010f9  CALBC1_16MHZ            
000010fa  CALDCO_12MHZ            
000010fb  CALBC1_12MHZ            
000010fc  CALDCO_8MHZ             
000010fd  CALBC1_8MHZ             
000010fe  CALDCO_1MHZ             
000010ff  CALBC1_1MHZ             
00001100  buf0                    
00001200  buf1                    
00001300  i                       
00001302  enable_buf0             
00001303  enable_buf1             
00001304  write_pointer           
00001305  read_pointer            
00001306  flag                    
00001308  bufByteCount            
0000130a  buffByteCount           
0000130c  pagenumber              
00001310  recpage                 
00001314  val                     
00001315  temp                    
00001316  current_ip              
0000131a  previous_ip             
0000131e  lambda                  
000020b0  _stack                  
00002100  __STACK_END             
00002100  main                    
00002494  __mspabi_addd           
0000277c  __TI_frcaddd            
000029dc  __mspabi_subf           
000029e2  __mspabi_addf           
00002b0e  ADC10_ISR               
00002c1e  __mspabi_mpyf           
00002ce2  __TI_renormd            
00002da0  __mspabi_cvtdf          
00002e2c  _auto_init_hold_wdt     
00002eb0  __TI_decompress_lzss    
00002f2c  _write_page             
00002fa0  __mspabi_cvtfd          
00003012  _read_page              
00003076  __mspabi_srll_15        
0000307c  __mspabi_srll_14        
00003082  __mspabi_srll_13        
00003088  __mspabi_srll_12        
0000308e  __mspabi_srll_11        
00003094  __mspabi_srll_10        
0000309a  __mspabi_srll_9         
000030a0  __mspabi_srll_8         
000030a6  __mspabi_srll_7         
000030ac  __mspabi_srll_6         
000030b2  __mspabi_srll_5         
000030b8  __mspabi_srll_4         
000030be  __mspabi_srll_3         
000030c4  __mspabi_srll_2         
000030ca  __mspabi_srll_1         
000030d2  copy_in                 
0000312c  block_erase             
0000317a  __mspabi_srli           
00003188  __mspabi_srli_15        
0000318c  __mspabi_srli_14        
00003190  __mspabi_srli_13        
00003194  __mspabi_srli_12        
00003198  __mspabi_srli_11        
0000319c  __mspabi_srli_10        
000031a0  __mspabi_srli_9         
000031a4  __mspabi_srli_8         
000031a8  __mspabi_srli_7         
000031ac  __mspabi_srli_6         
000031b0  __mspabi_srli_5         
000031b4  __mspabi_srli_4         
000031b8  __mspabi_srli_3         
000031bc  __mspabi_srli_2         
000031c0  __mspabi_srli_1         
000031c6  __mspabi_cmpf           
00003210  __mspabi_sral_15        
00003214  __mspabi_sral_14        
00003218  __mspabi_sral_13        
0000321c  __mspabi_sral_12        
00003220  __mspabi_sral_11        
00003224  __mspabi_sral_10        
00003228  __mspabi_sral_9         
0000322c  __mspabi_sral_8         
00003230  __mspabi_sral_7         
00003234  __mspabi_sral_6         
00003238  __mspabi_sral_5         
0000323c  __mspabi_sral_4         
00003240  __mspabi_sral_3         
00003244  __mspabi_sral_2         
00003248  __mspabi_sral_1         
0000324e  __mspabi_slll_15        
00003252  __mspabi_slll_14        
00003256  __mspabi_slll_13        
0000325a  __mspabi_slll_12        
0000325e  __mspabi_slll_11        
00003262  __mspabi_slll_10        
00003266  __mspabi_slll_9         
0000326a  __mspabi_slll_8         
0000326e  __mspabi_slll_7         
00003272  __mspabi_slll_6         
00003276  __mspabi_slll_5         
0000327a  __mspabi_slll_4         
0000327e  __mspabi_slll_3         
00003282  __mspabi_slll_2         
00003286  __mspabi_slll_1         
0000328c  __mspabi_srai           
00003298  __mspabi_srai_15        
0000329a  __mspabi_srai_14        
0000329c  __mspabi_srai_13        
0000329e  __mspabi_srai_12        
000032a0  __mspabi_srai_11        
000032a2  __mspabi_srai_10        
000032a4  __mspabi_srai_9         
000032a6  __mspabi_srai_8         
000032a8  __mspabi_srai_7         
000032aa  __mspabi_srai_6         
000032ac  __mspabi_srai_5         
000032ae  __mspabi_srai_4         
000032b0  __mspabi_srai_3         
000032b2  __mspabi_srai_2         
000032b4  __mspabi_srai_1         
000032b8  __mspabi_slli           
000032c4  __mspabi_slli_15        
000032c6  __mspabi_slli_14        
000032c8  __mspabi_slli_13        
000032ca  __mspabi_slli_12        
000032cc  __mspabi_slli_11        
000032ce  __mspabi_slli_10        
000032d0  __mspabi_slli_9         
000032d2  __mspabi_slli_8         
000032d4  __mspabi_slli_7         
000032d6  __mspabi_slli_6         
000032d8  __mspabi_slli_5         
000032da  __mspabi_slli_4         
000032dc  __mspabi_slli_3         
000032de  __mspabi_slli_2         
000032e0  __mspabi_slli_1         
000032e4  unbusy                  
0000330a  __mspabi_fltuf          
0000332e  transmit                
0000334a  _c_int00_noargs_noexit  
00003364  __TI_zero_init          
00003378  __mspabi_mpyi           
00003378  __mspabi_mpyi_sw        
0000338c  __TI_decompress_none    
0000339e  __mspabi_srll           
000033b0  memcpy                  
000033c2  __mspabi_sral           
000033d2  __mspabi_slll           
000033e2  __mspabi_func_epilog_7  
000033e4  __mspabi_func_epilog_6  
000033e6  __mspabi_func_epilog_5  
000033e8  __mspabi_func_epilog_4  
000033ea  __mspabi_func_epilog_3  
000033ec  __mspabi_func_epilog_2  
000033ee  __mspabi_func_epilog_1  
000033f2  __TI_ISR_TRAP           
000033fa  C$$EXIT                 
000033fa  abort                   
00003400  _system_pre_init        
00003404  _system_post_cinit      
0000341a  __TI_Handler_Table_Base 
00003420  __TI_Handler_Table_Limit
00003424  __TI_CINIT_Base         
0000342c  __TI_CINIT_Limit        
0000ffe0  __TI_int00              
0000ffe2  __TI_int01              
0000ffe4  __TI_int02              
0000ffe6  __TI_int03              
0000ffe8  __TI_int04              
0000ffea  __TI_int05              
0000ffec  __TI_int06              
0000ffee  __TI_int07              
0000fff0  __TI_int08              
0000fff2  __TI_int09              
0000fff4  __TI_int10              
0000fff6  __TI_int11              
0000fff8  __TI_int12              
0000fffa  __TI_int13              
0000fffc  __TI_int14              
0000fffe  _reset_vector           
ffffffff  __TI_pprof_out_hndl     
ffffffff  __TI_prof_data_size     
ffffffff  __TI_prof_data_start    
ffffffff  __c_args__              
UNDEFED   __TI_BINIT_Base         
UNDEFED   __TI_BINIT_Limit        
UNDEFED   __TI_INITARRAY_Base     
UNDEFED   __TI_INITARRAY_Limit    

[296 symbols]
